// Jest Snapshot v1, https://goo.gl/fbAQLP

exports[`<HomePage /> should render and match the snapshot 1`] = `
<div
  class="card"
>
  <div
    class="card-header"
  >
    Nerd.cafe
  </div>
  <div
    class="card-body"
  >
    <div>
      Foo
    </div>
  </div>
  <div
    class="card-footer"
  >
    Copyright Â© 2020
  </div>
</div>
`;
